map "http://salute.gov.it/ig/cda-fhir-maps/StructureMap/TestObservation" = "TestObservation"

uses "http://hl7.org/cda/stds/core/StructureDefinition/Observation" alias CdaObservation as source
uses "http://hl7.org/fhir/StructureDefinition/Observation" alias FhirObservation as target

uses "http://hl7.org/cda/stds/core/StructureDefinition/ST" alias ST as source
uses "http://hl7.org/cda/stds/core/StructureDefinition/IVL-TS" alias IVL_TS as source
uses "http://hl7.org/fhir/StructureDefinition/Period" alias Period as target

imports "http://salute.gov.it/ig/cda-fhir-maps/StructureMap/CdaToFhirDataTypes"
imports "http://salute.gov.it/ig/cda-fhir-maps/StructureMap/FULLHEADER"

group CdaToFHIR(source cda : CdaObservation, target obs : Observation) {
    cda -> obs.status ='final' "final";
    cda.value : IVL_TS as value -> obs.value = create('Period') as period then {
        value.high as high then {
            high.value as value -> period.end = truncate(value, 10) "highvalue";
        } "high";
    } "high";
    cda.value : ST as value then {
        value.xmlText as data  -> obs.value = data "value";
    } "st";
}
